../Core/Src/main.c:161:6:calculate_pid	16	static
../Core/Src/main.c:418:6:SetBrushMotor	8	static
../Core/Src/main.c:491:6:MPU9250_Init	32	static
../Core/Src/main.c:516:6:MPU9250_Read_Accel	48	static
../Core/Src/main.c:529:6:MPU9250_Read_Gyro	48	static
../Core/Src/main.c:541:6:MPU9250_Read_Temp	40	static
../Core/Src/main.c:556:6:MPU9250_EnableInterrupt	32	static
../Core/Src/main.c:568:7:finding_value	48	static
../Core/Src/main.c:623:6:Calculate_Roll_Pitch_Yaw_CompFilter	64	static
../Core/Src/main.c:652:6:Validate_Roll_Pitch_Yaw	8	static
../Core/Src/main.c:659:6:HAL_GPIO_EXTI_Callback	56	static
../Core/Src/main.c:678:6:HAL_UART_RxCpltCallback	16	static
../Core/Src/main.c:684:6:converdata	8	static
../Core/Src/main.c:699:6:UART_Print	16	static
../Core/Src/main.c:711:5:main	24	static
../Core/Src/main.c:795:6:SystemClock_Config	72	static
../Core/Src/main.c:835:13:MX_I2C1_Init	8	static
../Core/Src/main.c:869:13:MX_TIM2_Init	64	static
../Core/Src/main.c:940:13:MX_USART1_UART_Init	8	static
../Core/Src/main.c:973:13:MX_GPIO_Init	40	static
../Core/Src/main.c:1006:6:Error_Handler	4	static,ignoring_inline_asm
